Generating image variants require the image_processing gem. Please add `gem "image_processing", "~> 1.2"` to your Gemfile or set `config.active_storage.variant_processor = :disabled`.
Generating image variants require the image_processing gem. Please add `gem "image_processing", "~> 1.2"` to your Gemfile or set `config.active_storage.variant_processor = :disabled`.
  [1m[36mActiveRecord::SchemaMigration Load (230.2ms)[0m  [1m[34mSELECT "schema_migrations"."version" FROM "schema_migrations" ORDER BY "schema_migrations"."version" ASC /*application='Qistmanager'*/[0m
Generating image variants require the image_processing gem. Please add `gem "image_processing", "~> 1.2"` to your Gemfile or set `config.active_storage.variant_processor = :disabled`.
  [1m[35m (158.3ms)[0m  [1m[34mselect 1 /*application='Qistmanager'*/[0m
Started GET "/" for ::1 at 2026-10-07 11:17:55 +0500
  [1m[36mActiveRecord::SchemaMigration Load (4.6ms)[0m  [1m[34mSELECT "schema_migrations"."version" FROM "schema_migrations" ORDER BY "schema_migrations"."version" ASC /*application='Qistmanager'*/[0m
Processing by DashboardController#index as HTML
  [1m[36mUser Load (5.2ms)[0m  [1m[34mSELECT "users".* FROM "users" WHERE "users"."id" IS NULL LIMIT 1 /*action='index',application='Qistmanager',controller='dashboard'*/[0m
  ↳ app/controllers/application_controller.rb:30:in 'ApplicationController#current_user'
Redirected to http://localhost:3000/login
↳ app/controllers/application_controller.rb:270:in 'ApplicationController#require_login'
Filter chain halted as :require_login rendered or redirected
Completed 302 Found in 58ms (ActiveRecord: 25.3ms (1 query, 0 cached) | GC: 0.0ms)


Started GET "/login" for ::1 at 2026-10-07 11:17:55 +0500
Processing by SessionsController#new as HTML
  [1m[36mUser Load (0.3ms)[0m  [1m[34mSELECT "users".* FROM "users" WHERE "users"."id" IS NULL LIMIT 1 /*action='new',application='Qistmanager',controller='sessions'*/[0m
  ↳ app/controllers/application_controller.rb:30:in 'ApplicationController#current_user'
  [1m[36mCACHE User Load (0.0ms)[0m  [1m[34mSELECT "users".* FROM "users" WHERE "users"."id" IS NULL LIMIT 1[0m
  ↳ app/controllers/application_controller.rb:30:in 'ApplicationController#current_user'
  [1m[36mCACHE User Load (0.0ms)[0m  [1m[34mSELECT "users".* FROM "users" WHERE "users"."id" IS NULL LIMIT 1[0m
  ↳ app/controllers/application_controller.rb:30:in 'ApplicationController#current_user'
  [1m[36mCACHE User Load (0.0ms)[0m  [1m[34mSELECT "users".* FROM "users" WHERE "users"."id" IS NULL LIMIT 1[0m
  ↳ app/controllers/application_controller.rb:30:in 'ApplicationController#current_user'
  [1m[36mCACHE User Load (0.0ms)[0m  [1m[34mSELECT "users".* FROM "users" WHERE "users"."id" IS NULL LIMIT 1[0m
  ↳ app/controllers/application_controller.rb:30:in 'ApplicationController#current_user'
  [1m[36mCACHE User Load (0.0ms)[0m  [1m[34mSELECT "users".* FROM "users" WHERE "users"."id" IS NULL LIMIT 1[0m
  ↳ app/controllers/application_controller.rb:30:in 'ApplicationController#current_user'
  Rendering layout layouts/auth.html.erb
  Rendering sessions/new.html.erb within layouts/auth
  [1m[36mCACHE User Load (1.7ms)[0m  [1m[34mSELECT "users".* FROM "users" WHERE "users"."id" IS NULL LIMIT 1[0m
  ↳ app/controllers/application_controller.rb:30:in 'ApplicationController#current_user'
  [1m[36mCACHE User Load (1.3ms)[0m  [1m[34mSELECT "users".* FROM "users" WHERE "users"."id" IS NULL LIMIT 1[0m
  ↳ app/controllers/application_controller.rb:30:in 'ApplicationController#current_user'
  Rendered sessions/new.html.erb within layouts/auth (Duration: 21.3ms | GC: 0.0ms)
  Rendered layout layouts/auth.html.erb (Duration: 23.4ms | GC: 0.0ms)
Completed 200 OK in 51ms (Views: 29.3ms | ActiveRecord: 3.3ms (8 queries, 7 cached) | GC: 0.0ms)


Started GET "/manifest" for ::1 at 2026-10-07 11:17:55 +0500
Processing by PwaController#manifest as JSON
  [1m[36mUser Load (0.4ms)[0m  [1m[34mSELECT "users".* FROM "users" WHERE "users"."id" IS NULL LIMIT 1 /*action='manifest',application='Qistmanager',controller='pwa'*/[0m
  ↳ app/controllers/application_controller.rb:30:in 'ApplicationController#current_user'
  [1m[36mCACHE User Load (0.0ms)[0m  [1m[34mSELECT "users".* FROM "users" WHERE "users"."id" IS NULL LIMIT 1[0m
  ↳ app/controllers/application_controller.rb:30:in 'ApplicationController#current_user'
  [1m[36mCACHE User Load (0.0ms)[0m  [1m[34mSELECT "users".* FROM "users" WHERE "users"."id" IS NULL LIMIT 1[0m
  ↳ app/controllers/application_controller.rb:30:in 'ApplicationController#current_user'
  [1m[36mCACHE User Load (0.0ms)[0m  [1m[34mSELECT "users".* FROM "users" WHERE "users"."id" IS NULL LIMIT 1[0m
  ↳ app/controllers/application_controller.rb:30:in 'ApplicationController#current_user'
  [1m[36mCACHE User Load (0.0ms)[0m  [1m[34mSELECT "users".* FROM "users" WHERE "users"."id" IS NULL LIMIT 1[0m
  ↳ app/controllers/application_controller.rb:30:in 'ApplicationController#current_user'
  [1m[36mCACHE User Load (0.0ms)[0m  [1m[34mSELECT "users".* FROM "users" WHERE "users"."id" IS NULL LIMIT 1[0m
  ↳ app/controllers/application_controller.rb:30:in 'ApplicationController#current_user'
  Rendering pwa/manifest.json.erb
  Rendered pwa/manifest.json.erb (Duration: 0.9ms | GC: 0.0ms)
Completed 200 OK in 46ms (Views: 6.3ms | ActiveRecord: 0.4ms (6 queries, 5 cached) | GC: 27.2ms)


Started GET "/service-worker" for ::1 at 2026-10-07 11:17:57 +0500
Processing by PwaController#service_worker as JS
  [1m[36mUser Load (0.4ms)[0m  [1m[34mSELECT "users".* FROM "users" WHERE "users"."id" IS NULL LIMIT 1 /*action='service_worker',application='Qistmanager',controller='pwa'*/[0m
  ↳ app/controllers/application_controller.rb:30:in 'ApplicationController#current_user'
  [1m[36mCACHE User Load (0.0ms)[0m  [1m[34mSELECT "users".* FROM "users" WHERE "users"."id" IS NULL LIMIT 1[0m
  ↳ app/controllers/application_controller.rb:30:in 'ApplicationController#current_user'
  [1m[36mCACHE User Load (0.0ms)[0m  [1m[34mSELECT "users".* FROM "users" WHERE "users"."id" IS NULL LIMIT 1[0m
  ↳ app/controllers/application_controller.rb:30:in 'ApplicationController#current_user'
  [1m[36mCACHE User Load (0.0ms)[0m  [1m[34mSELECT "users".* FROM "users" WHERE "users"."id" IS NULL LIMIT 1[0m
  ↳ app/controllers/application_controller.rb:30:in 'ApplicationController#current_user'
  [1m[36mCACHE User Load (0.0ms)[0m  [1m[34mSELECT "users".* FROM "users" WHERE "users"."id" IS NULL LIMIT 1[0m
  ↳ app/controllers/application_controller.rb:30:in 'ApplicationController#current_user'
  [1m[36mCACHE User Load (0.0ms)[0m  [1m[34mSELECT "users".* FROM "users" WHERE "users"."id" IS NULL LIMIT 1[0m
  ↳ app/controllers/application_controller.rb:30:in 'ApplicationController#current_user'
  Rendering pwa/service-worker.js
  Rendered pwa/service-worker.js (Duration: 0.3ms | GC: 0.0ms)
Completed 200 OK in 8ms (Views: 2.2ms | ActiveRecord: 0.4ms (6 queries, 5 cached) | GC: 0.7ms)


